// Jest Snapshot v1, https://goo.gl/fbAQLP

exports[`Button component Matches the snapshot 1`] = `
Array [
  <label />,
  <input
    className=""
    style={null}
    type="text"
  />,
]
`;

exports[`Form Input component Matches the snapshot 1`] = `
Array [
  <label />,
  <input
    className=""
    style={null}
    type="text"
  />,
]
`;
